2026-08-03T14:31:10.288+05:30  INFO 5720 --- [fleman-backend-full] [main] com.fleman.FlemanApplication             : Starting FlemanApplication using Java 21.0.4 with PID 5720 (C:\Users\navee\Downloads\files (21)\fleman-backend-updated\fleman-backend\target\classes started by navee in C:\Users\navee\Downloads\files (21)\fleman-backend-updated\fleman-backend)
2026-08-03T14:31:10.292+05:30 DEBUG 5720 --- [fleman-backend-full] [main] com.fleman.FlemanApplication             : Running with Spring Boot v3.3.0, Spring v6.1.8
2026-08-03T14:31:10.300+05:30  INFO 5720 --- [fleman-backend-full] [main] com.fleman.FlemanApplication             : No active profile set, falling back to 1 default profile: "default"
2026-08-03T14:31:14.019+05:30 DEBUG 5720 --- [fleman-backend-full] [main] c.f.security.JwtAuthenticationFilter     : Filter 'jwtAuthenticationFilter' configured for use
2026-08-03T14:31:21.020+05:30  WARN 5720 --- [fleman-backend-full] [main] JpaBaseConfiguration$JpaWebConfiguration : spring.jpa.open-in-view is enabled by default. Therefore, database queries may be performed during view rendering. Explicitly configure spring.jpa.open-in-view to disable this warning
2026-08-03T14:31:23.921+05:30  INFO 5720 --- [fleman-backend-full] [main] com.fleman.FlemanApplication             : Started FlemanApplication in 14.182 seconds (process running for 14.905)
2026-08-03T14:32:25.563+05:30 DEBUG 5720 --- [fleman-backend-full] [http-nio-8080-exec-9] c.fleman.controller.BookingController    : createBooking request: com.fleman.dto.CreateBookingRequest@1690a4b2
2026-08-03T14:32:30.237+05:30  INFO 5720 --- [fleman-backend-full] [http-nio-8080-exec-9] c.fleman.controller.BookingController    : Booking created, confirmationNo=KPV24789
2026-08-03T14:36:53.630+05:30  INFO 20988 --- [fleman-backend-full] [main] com.fleman.FlemanApplication             : Starting FlemanApplication using Java 21.0.4 with PID 20988 (C:\Users\navee\Downloads\files (21)\fleman-backend-updated\fleman-backend\target\classes started by navee in C:\Users\navee\Downloads\files (21)\fleman-backend-updated\fleman-backend)
2026-08-03T14:36:53.634+05:30 DEBUG 20988 --- [fleman-backend-full] [main] com.fleman.FlemanApplication             : Running with Spring Boot v3.3.0, Spring v6.1.8
2026-08-03T14:36:53.636+05:30  INFO 20988 --- [fleman-backend-full] [main] com.fleman.FlemanApplication             : No active profile set, falling back to 1 default profile: "default"
2026-08-03T14:36:57.197+05:30 DEBUG 20988 --- [fleman-backend-full] [main] c.f.security.JwtAuthenticationFilter     : Filter 'jwtAuthenticationFilter' configured for use
2026-08-03T14:37:01.222+05:30  WARN 20988 --- [fleman-backend-full] [main] JpaBaseConfiguration$JpaWebConfiguration : spring.jpa.open-in-view is enabled by default. Therefore, database queries may be performed during view rendering. Explicitly configure spring.jpa.open-in-view to disable this warning
2026-08-03T14:37:02.433+05:30  INFO 20988 --- [fleman-backend-full] [main] com.fleman.FlemanApplication             : Started FlemanApplication in 9.34 seconds (process running for 9.989)
2026-08-03T15:47:22.181+05:30  WARN 20988 --- [fleman-backend-full] [HikariPool-1 housekeeper] com.zaxxer.hikari.pool.HikariPool        : HikariPool-1 - Thread starvation or clock leap detected (housekeeper delta=1h6m53s771ms304µs700ns).
2026-08-03T15:56:56.119+05:30  INFO 1720 --- [fleman-backend-full] [main] com.fleman.FlemanApplication             : Starting FlemanApplication using Java 21.0.4 with PID 1720 (C:\Users\navee\Downloads\files (21)\fleman-backend-updated\fleman-backend\target\classes started by navee in C:\Users\navee\Downloads\files (21)\fleman-backend-updated\fleman-backend)
2026-08-03T15:56:56.121+05:30 DEBUG 1720 --- [fleman-backend-full] [main] com.fleman.FlemanApplication             : Running with Spring Boot v3.3.0, Spring v6.1.8
2026-08-03T15:56:56.123+05:30  INFO 1720 --- [fleman-backend-full] [main] com.fleman.FlemanApplication             : No active profile set, falling back to 1 default profile: "default"
2026-08-03T15:57:01.547+05:30 DEBUG 1720 --- [fleman-backend-full] [main] c.f.security.JwtAuthenticationFilter     : Filter 'jwtAuthenticationFilter' configured for use
2026-08-03T15:57:08.537+05:30  WARN 1720 --- [fleman-backend-full] [main] JpaBaseConfiguration$JpaWebConfiguration : spring.jpa.open-in-view is enabled by default. Therefore, database queries may be performed during view rendering. Explicitly configure spring.jpa.open-in-view to disable this warning
2026-08-03T15:57:11.423+05:30  INFO 1720 --- [fleman-backend-full] [main] com.fleman.FlemanApplication             : Started FlemanApplication in 16.116 seconds (process running for 16.862)
2026-08-03T15:58:46.376+05:30 DEBUG 1720 --- [fleman-backend-full] [http-nio-8080-exec-9] c.fleman.controller.BookingController    : createBooking request: com.fleman.dto.CreateBookingRequest@56cba279
2026-08-03T15:58:52.162+05:30  INFO 1720 --- [fleman-backend-full] [http-nio-8080-exec-9] c.fleman.controller.BookingController    : Booking created, confirmationNo=JKW49612
2026-08-03T16:04:53.506+05:30  INFO 13740 --- [fleman-backend-full] [main] com.fleman.FlemanApplication             : Starting FlemanApplication using Java 21.0.4 with PID 13740 (C:\Users\navee\Downloads\files (21)\fleman-backend-updated\fleman-backend\target\classes started by navee in C:\Users\navee\Downloads\files (21)\fleman-backend-updated\fleman-backend)
2026-08-03T16:04:53.508+05:30 DEBUG 13740 --- [fleman-backend-full] [main] com.fleman.FlemanApplication             : Running with Spring Boot v3.3.0, Spring v6.1.8
2026-08-03T16:04:53.509+05:30  INFO 13740 --- [fleman-backend-full] [main] com.fleman.FlemanApplication             : No active profile set, falling back to 1 default profile: "default"
2026-08-03T16:04:56.943+05:30 DEBUG 13740 --- [fleman-backend-full] [main] c.f.security.JwtAuthenticationFilter     : Filter 'jwtAuthenticationFilter' configured for use
2026-08-03T16:05:02.567+05:30  WARN 13740 --- [fleman-backend-full] [main] JpaBaseConfiguration$JpaWebConfiguration : spring.jpa.open-in-view is enabled by default. Therefore, database queries may be performed during view rendering. Explicitly configure spring.jpa.open-in-view to disable this warning
2026-08-03T16:05:04.657+05:30  INFO 13740 --- [fleman-backend-full] [main] com.fleman.FlemanApplication             : Started FlemanApplication in 11.715 seconds (process running for 12.36)
2026-08-03T16:07:11.447+05:30 DEBUG 13740 --- [fleman-backend-full] [http-nio-8080-exec-8] c.fleman.controller.BookingController    : createBooking request: com.fleman.dto.CreateBookingRequest@5848987b
2026-08-03T16:07:17.152+05:30  INFO 13740 --- [fleman-backend-full] [http-nio-8080-exec-8] c.fleman.controller.BookingController    : Booking created, confirmationNo=ASJ38927
2026-08-03T16:18:30.468+05:30  INFO 5908 --- [fleman-backend-full] [main] com.fleman.FlemanApplication             : Starting FlemanApplication using Java 21.0.4 with PID 5908 (C:\Users\navee\Downloads\files (21)\fleman-backend-updated\fleman-backend\target\classes started by navee in C:\Users\navee\Downloads\files (21)\fleman-backend-updated\fleman-backend)
2026-08-03T16:18:30.472+05:30 DEBUG 5908 --- [fleman-backend-full] [main] com.fleman.FlemanApplication             : Running with Spring Boot v3.3.0, Spring v6.1.8
2026-08-03T16:18:30.476+05:30  INFO 5908 --- [fleman-backend-full] [main] com.fleman.FlemanApplication             : No active profile set, falling back to 1 default profile: "default"
2026-08-03T16:18:35.187+05:30 DEBUG 5908 --- [fleman-backend-full] [main] c.f.security.JwtAuthenticationFilter     : Filter 'jwtAuthenticationFilter' configured for use
2026-08-03T16:18:40.932+05:30  WARN 5908 --- [fleman-backend-full] [main] JpaBaseConfiguration$JpaWebConfiguration : spring.jpa.open-in-view is enabled by default. Therefore, database queries may be performed during view rendering. Explicitly configure spring.jpa.open-in-view to disable this warning
2026-08-03T16:18:43.368+05:30  INFO 5908 --- [fleman-backend-full] [main] com.fleman.FlemanApplication             : Started FlemanApplication in 13.392 seconds (process running for 13.902)
2026-08-03T16:38:42.105+05:30  INFO 6676 --- [fleman-backend-full] [main] com.fleman.FlemanApplication             : Starting FlemanApplication using Java 21.0.4 with PID 6676 (C:\Users\navee\Downloads\files (21)\fleman-backend-updated\fleman-backend\target\classes started by navee in C:\Users\navee\Downloads\files (21)\fleman-backend-updated\fleman-backend)
2026-08-03T16:38:42.108+05:30 DEBUG 6676 --- [fleman-backend-full] [main] com.fleman.FlemanApplication             : Running with Spring Boot v3.3.0, Spring v6.1.8
2026-08-03T16:38:42.109+05:30  INFO 6676 --- [fleman-backend-full] [main] com.fleman.FlemanApplication             : No active profile set, falling back to 1 default profile: "default"
2026-08-03T16:38:46.838+05:30 DEBUG 6676 --- [fleman-backend-full] [main] c.f.security.JwtAuthenticationFilter     : Filter 'jwtAuthenticationFilter' configured for use
2026-08-03T16:38:55.060+05:30  WARN 6676 --- [fleman-backend-full] [main] JpaBaseConfiguration$JpaWebConfiguration : spring.jpa.open-in-view is enabled by default. Therefore, database queries may be performed during view rendering. Explicitly configure spring.jpa.open-in-view to disable this warning
2026-08-03T16:38:58.154+05:30  INFO 6676 --- [fleman-backend-full] [main] com.fleman.FlemanApplication             : Started FlemanApplication in 16.648 seconds (process running for 17.16)
2026-08-03T16:39:17.227+05:30 DEBUG 6676 --- [fleman-backend-full] [http-nio-8080-exec-1] c.fleman.controller.BookingController    : Fetching last booking for userId=6
2026-08-03T16:39:32.423+05:30 DEBUG 6676 --- [fleman-backend-full] [http-nio-8080-exec-10] c.fleman.controller.BookingController    : createBooking request: com.fleman.dto.CreateBookingRequest@7313ad58
2026-08-03T16:39:38.533+05:30  INFO 6676 --- [fleman-backend-full] [http-nio-8080-exec-10] c.fleman.controller.BookingController    : Booking created, confirmationNo=YIS34949
2026-08-03T16:39:40.230+05:30 DEBUG 6676 --- [fleman-backend-full] [http-nio-8080-exec-1] c.fleman.controller.BookingController    : Fetching last booking for userId=6
2026-08-03T16:39:40.309+05:30 DEBUG 6676 --- [fleman-backend-full] [http-nio-8080-exec-2] c.fleman.controller.BookingController    : Fetching last booking for userId=6
2026-08-03T16:39:41.794+05:30 DEBUG 6676 --- [fleman-backend-full] [http-nio-8080-exec-5] c.fleman.controller.BookingController    : Fetching all bookings for userId=6
2026-08-03T16:39:42.075+05:30 DEBUG 6676 --- [fleman-backend-full] [http-nio-8080-exec-6] c.fleman.controller.BookingController    : Fetching all bookings for userId=6
2026-08-03T16:39:46.052+05:30 DEBUG 6676 --- [fleman-backend-full] [http-nio-8080-exec-7] c.fleman.controller.BookingController    : Fetching booking by confirmationNo=YIS34949
2026-08-03T16:39:49.754+05:30  WARN 6676 --- [fleman-backend-full] [http-nio-8080-exec-8] c.fleman.controller.BookingController    : Cancelling booking confirmationNo=YIS34949
2026-08-03T16:40:23.202+05:30 DEBUG 6676 --- [fleman-backend-full] [http-nio-8080-exec-1] c.fleman.controller.BookingController    : Fetching booking by confirmationNo=YIS34949
2026-08-03T16:42:27.561+05:30  INFO 7640 --- [fleman-backend-full] [main] com.fleman.FlemanApplication             : Starting FlemanApplication using Java 21.0.4 with PID 7640 (C:\Users\navee\Downloads\files (21)\fleman-backend-updated\fleman-backend\target\classes started by navee in C:\Users\navee\Downloads\files (21)\fleman-backend-updated\fleman-backend)
2026-08-03T16:42:27.566+05:30 DEBUG 7640 --- [fleman-backend-full] [main] com.fleman.FlemanApplication             : Running with Spring Boot v3.3.0, Spring v6.1.8
2026-08-03T16:42:27.572+05:30  INFO 7640 --- [fleman-backend-full] [main] com.fleman.FlemanApplication             : No active profile set, falling back to 1 default profile: "default"
2026-08-03T16:42:38.227+05:30 DEBUG 7640 --- [fleman-backend-full] [main] c.f.security.JwtAuthenticationFilter     : Filter 'jwtAuthenticationFilter' configured for use
2026-08-03T16:42:49.646+05:30  WARN 7640 --- [fleman-backend-full] [main] JpaBaseConfiguration$JpaWebConfiguration : spring.jpa.open-in-view is enabled by default. Therefore, database queries may be performed during view rendering. Explicitly configure spring.jpa.open-in-view to disable this warning
2026-08-03T16:42:53.293+05:30  INFO 7640 --- [fleman-backend-full] [main] com.fleman.FlemanApplication             : Started FlemanApplication in 26.73 seconds (process running for 27.874)
2026-08-03T16:43:48.929+05:30 DEBUG 7640 --- [fleman-backend-full] [http-nio-8080-exec-2] c.fleman.controller.BookingController    : Fetching last booking for userId=6
2026-08-03T16:43:49.064+05:30 DEBUG 7640 --- [fleman-backend-full] [http-nio-8080-exec-6] c.fleman.controller.BookingController    : Fetching last booking for userId=6
2026-08-03T16:43:51.765+05:30 DEBUG 7640 --- [fleman-backend-full] [http-nio-8080-exec-9] c.fleman.controller.BookingController    : Fetching all bookings for userId=6
2026-08-03T16:43:52.077+05:30 DEBUG 7640 --- [fleman-backend-full] [http-nio-8080-exec-8] c.fleman.controller.BookingController    : Fetching all bookings for userId=6
2026-08-03T16:43:56.160+05:30 DEBUG 7640 --- [fleman-backend-full] [http-nio-8080-exec-1] c.fleman.controller.BookingController    : Fetching booking by confirmationNo=SED97322
2026-08-03T16:43:59.690+05:30  WARN 7640 --- [fleman-backend-full] [http-nio-8080-exec-10] c.fleman.controller.BookingController    : Cancelling booking confirmationNo=SED97322
2026-08-03T16:44:30.075+05:30 DEBUG 7640 --- [fleman-backend-full] [http-nio-8080-exec-6] c.fleman.controller.BookingController    : Fetching booking by confirmationNo=SED97322
